../Core/Src/aes.c:165:6:GenerateKeys	32	static
../Core/Src/aes.c:207:10:Encrypt	40	static
../Core/Src/aes.c:254:10:Decrypt	40	static
../Core/Src/aes.c:295:6:StateToArray	24	static
../Core/Src/aes.c:305:6:SubBytes	24	static
../Core/Src/aes.c:315:6:ShiftRows	32	static
../Core/Src/aes.c:344:6:MixColumns	24	static
../Core/Src/aes.c:361:6:InvShiftRows	32	static
../Core/Src/aes.c:388:6:InvSubBytes	24	static
../Core/Src/aes.c:397:6:InvMixColumns	24	static
../Core/Src/aes.c:412:6:SubWord	24	static
../Core/Src/aes.c:419:6:RotWord	24	static
../Core/Src/aes.c:429:6:XORWords	32	static
../Core/Src/aes.c:436:6:printKey	120	static
../Core/Src/aes.c:448:6:printState	24	static
../Core/Src/aes.c:461:6:PrintWord	24	static
../Core/Src/aes.c:466:6:CopyWord	24	static
../Core/Src/aes.c:473:6:TransformToState	24	static
../Core/Src/aes.c:485:6:PrintText	24	static
../Core/Src/aes.c:493:6:PrintCharArray	24	static
../Core/Src/aes.c:501:6:AddRoundKey	32	static
../Core/Src/aes.c:512:6:EncryptCBC	40	static
../Core/Src/aes.c:539:6:DecryptCBC	40	static
../Core/Src/aes.c:555:6:XOR16Bytes	32	static
